[www.samsung.com/pt/smartphones/galaxy-z-fold6/index.html]
[backblue.gif]
[fade.gif]
[index.html]
[images.samsung.com/pt/smartphones/galaxy-z-fold6/images/galaxy-z-fold6-share-image.jpg]
[www.samsung.com/etc.clientlibs/samsung/clientlibs/consumer/global/clientlib-common/resources/images/Favicon.png]
[www.samsung.com/etc.clientlibs/samsung/clientlibs/consumer/global/clientlib-common/resources/images/app_ico.png]
[www.samsung.com/etc.clientlibs/samsung/clientlibs/consumer/global/clientlib-site/resources/global/css/fonts.css]
[www.samsung.com/etc.clientlibs/samsung/clientlibs/consumer/global/clientlib-dependencies.min.72b3474a5ea9ec2c8b38096685e0928d.css]
[www.samsung.com/etc.clientlibs/samsung/clientlibs/consumer/global/clientlib-base-new-gnb.min.0caf8ca1a3d3690805e309aaa0229de4.css]
[www.samsung.com/etc.clientlibs/samsung/clientlibs/consumer/global/clientlib-templates/page-flagship/compact.min.9e7f63a00a52b8ec764f41e0465d482f.css]
[www.samsung.com/etc.clientlibs/samsung/components/content/consumer/global/product/pd-g-floating-nav/clientlibs/site.min.1d264d387839e7e7af7019fe112f7def.css]
[www.samsung.com/etc.clientlibs/samsung/components/content/consumer/global/common/cm-g-static-content/clientlibs/site.min.ae85240e2285ff65e974c0b136a75d59.css]
[www.samsung.com/etc.clientlibs/samsung/components/content/consumer/global/navigation/nv-g-breadcrumb/clientlibs/site.min.01c1e7bc1eb1645deacabd158fc75f0f.css]
[www.samsung.com/pt/smartphones/galaxy-z-fold6/ak.m]
[www.samsung.com/pt/smartphones/galaxy-z-fold6/ak.t]
[assets.adobedtm.com/72afb75f5516/30a6759f4129/launch-be0934e2f5e7.min.js]
[www.samsung.com/etc.clientlibs/samsung/clientlibs/consumer/global/clientlib-common/resources/js/crypto-js.min.js]
[www.samsung.com/samsung/resources/global/galaxy-z-fold6/common/css/common.min.css]
[www.samsung.com/pt/smartphones/galaxy-z-fold6/specs/index.html]
[www.samsung.com/pt/smartphones/galaxy-z-fold6/buy/index.html]
[www.samsung.com/pt/smartphones/galaxy-z-fold6/reviews/index.html]
[www.samsung.com/pt/smartphones/galaxy-z-fold6/compare/index.html]
[www.samsung.com/pt/smartphones/galaxy-z-fold6/accessories/index.html]
[images.samsung.com/pt/smartphones/galaxy-z-fold6/images/galaxy-z-fold6-features-four-stars-logo.png]
[images.samsung.com/pt/smartphones/galaxy-z-fold6/images/icon-colors-viewer-360.png]
[images.samsung.com/pt/smartphones/galaxy-z-fold6/images/icon-colors-reset-black.jpg]
[images.samsung.com/pt/smartphones/galaxy-z-fold6/images/icon-colors-fold-black.png]
[images.samsung.com/pt/smartphones/galaxy-z-fold6/images/icon-colors-folded-black.png]
[images.samsung.com/pt/smartphones/galaxy-z-fold6/images/icon-colors-open.png]
[images.samsung.com/pt/smartphones/galaxy-z-fold6/images/icon-colors-opened.png]
[images.samsung.com/pt/smartphones/galaxy-z-fold6/images/galaxy-z-fold6-features-kv-ai-text1363.jpg]
[images.samsung.com/pt/smartphones/galaxy-z-fold6/images/galaxy-z-fold6-features-kv1363.jpg]
[www.samsung.com/samsung/resources/global/galaxy-z-fold6/common/images/blank.gif]
[www.samsung.com/samsung/resources/global/galaxy-z-fold6/common/js/common.min.js]
[www.samsung.com/etc.clientlibs/samsung/clientlibs/consumer/global/clientlib-dependencies.min.js]
[www.samsung.com/etc.clientlibs/samsung/clientlibs/consumer/global/clientlib-base-new-gnb.min.js]
[www.samsung.com/etc.clientlibs/samsung/clientlibs/consumer/global/clientlib-templates/page-flagship/compact.min.c85f55b4ad35cbc5d95180ce2f4c8d58.js]
[www.samsung.com/etc.clientlibs/samsung/components/content/consumer/global/product/pd-g-floating-nav/clientlibs/site.min.js]
[www.samsung.com/etc.clientlibs/samsung/components/content/consumer/global/common/cm-g-static-content/clientlibs/site.min.js]
[www.samsung.com/pt/smartphones/galaxy-z-fold6/index.html]
[www.samsung.com/etc.clientlibs/samsung/clientlibs/consumer/global/clientlib-site/resources/global/css/fonts.css]
[www.samsung.com/etc.clientlibs/samsung/clientlibs/consumer/global/clientlib-dependencies.min.72b3474a5ea9ec2c8b38096685e0928d.css]
[www.samsung.com/etc.clientlibs/samsung/clientlibs/consumer/global/clientlib-common/resources/images/badge-container-a3.svg]
[www.samsung.com/etc.clientlibs/samsung/clientlibs/consumer/global/clientlib-common/resources/images/energy-rating-a3.svg]
[www.samsung.com/etc.clientlibs/samsung/clientlibs/consumer/global/clientlib-common/resources/images/badge-container-a2.svg]
[www.samsung.com/etc.clientlibs/samsung/clientlibs/consumer/global/clientlib-common/resources/images/energy-rating-a2.svg]
[www.samsung.com/etc.clientlibs/samsung/clientlibs/consumer/global/clientlib-common/resources/images/badge-container-a1.svg]
[www.samsung.com/etc.clientlibs/samsung/clientlibs/consumer/global/clientlib-common/resources/images/energy-rating-a1.svg]
[www.samsung.com/etc.clientlibs/samsung/clientlibs/consumer/global/clientlib-common/resources/images/badge-container-a.svg]
[www.samsung.com/etc.clientlibs/samsung/clientlibs/consumer/global/clientlib-common/resources/images/energy-rating-a.svg]
[www.samsung.com/etc.clientlibs/samsung/clientlibs/consumer/global/clientlib-common/resources/images/badge-container-b.svg]
[www.samsung.com/etc.clientlibs/samsung/clientlibs/consumer/global/clientlib-common/resources/images/energy-rating-b.svg]
[www.samsung.com/etc.clientlibs/samsung/clientlibs/consumer/global/clientlib-common/resources/images/badge-container-c.svg]
[www.samsung.com/etc.clientlibs/samsung/clientlibs/consumer/global/clientlib-common/resources/images/energy-rating-c.svg]
[www.samsung.com/etc.clientlibs/samsung/clientlibs/consumer/global/clientlib-common/resources/images/badge-container-d.svg]
[www.samsung.com/etc.clientlibs/samsung/clientlibs/consumer/global/clientlib-common/resources/images/energy-rating-d.svg]
[www.samsung.com/etc.clientlibs/samsung/clientlibs/consumer/global/clientlib-common/resources/images/energy-rating-e.svg]
[www.samsung.com/etc.clientlibs/samsung/clientlibs/consumer/global/clientlib-common/resources/images/energy-rating-f.svg]
[www.samsung.com/etc.clientlibs/samsung/clientlibs/consumer/global/clientlib-common/resources/images/energy-rating-g.svg]
[www.samsung.com/etc.clientlibs/samsung/clientlibs/consumer/global/clientlib-common/resources/images/energy_label_a.svg]
[www.samsung.com/etc.clientlibs/samsung/clientlibs/consumer/global/clientlib-common/resources/images/energy_label_b.svg]
[www.samsung.com/etc.clientlibs/samsung/clientlibs/consumer/global/clientlib-common/resources/images/energy_label_c.svg]
[www.samsung.com/etc.clientlibs/samsung/clientlibs/consumer/global/clientlib-common/resources/images/energy_label_d.svg]
[www.samsung.com/etc.clientlibs/samsung/clientlibs/consumer/global/clientlib-common/resources/images/energy_label_e.svg]
[www.samsung.com/etc.clientlibs/samsung/clientlibs/consumer/global/clientlib-common/resources/images/energy_label_f.svg]
[www.samsung.com/etc.clientlibs/samsung/clientlibs/consumer/global/clientlib-common/resources/images/energy_label_g.svg]
[www.samsung.com/etc.clientlibs/samsung/clientlibs/consumer/global/clientlib-common/resources/images/style-guide-icon-close-bold-white.svg]
[www.samsung.com/etc.clientlibs/samsung/clientlibs/consumer/global/clientlib-common/resources/images/style-guide-icon-close-bold-white-disabled.svg]
[www.samsung.com/etc.clientlibs/samsung/clientlibs/consumer/global/clientlib-common/resources/images/style-guide-icon-close-bold-black.svg]
[www.samsung.com/etc.clientlibs/samsung/clientlibs/consumer/global/clientlib-common/resources/images/style-guide-icon-close-bold-black-disabled.svg]
[www.samsung.com/etc.clientlibs/samsung/clientlibs/consumer/global/clientlib-common/resources/images/style-guide-icon-close-bold-white-hover.svg]
[www.samsung.com/etc.clientlibs/samsung/clientlibs/consumer/global/clientlib-common/resources/images/style-guide-icon-close-bold-white-hover-disabled.svg]
[www.samsung.com/etc.clientlibs/samsung/clientlibs/consumer/global/clientlib-common/resources/images/style-guide-icon-close-bold-black-hover.svg]
[www.samsung.com/etc.clientlibs/samsung/clientlibs/consumer/global/clientlib-common/resources/images/icon-new-window-white.svg]
[www.samsung.com/etc.clientlibs/samsung/clientlibs/consumer/global/clientlib-common/resources/images/icon-new-window-white-dim.svg]
[www.samsung.com/etc.clientlibs/samsung/clientlibs/consumer/global/clientlib-common/resources/images/icon-new-window-black.svg]
[www.samsung.com/etc.clientlibs/samsung/clientlibs/consumer/global/clientlib-common/resources/images/icon-new-window-black-dim.svg]
[www.samsung.com/etc.clientlibs/samsung/clientlibs/consumer/global/clientlib-common/resources/images/icon-new-window-white-emphasis.svg]
[www.samsung.com/etc.clientlibs/samsung/clientlibs/consumer/global/clientlib-common/resources/images/icon-new-window-gray.svg]
[www.samsung.com/etc.clientlibs/samsung/clientlibs/consumer/global/clientlib-common/resources/images/icon-new-window-gray-dim.svg]
[www.samsung.com/etc.clientlibs/samsung/clientlibs/consumer/global/clientlib-common/resources/images/icon-selectbox-black.svg]
[www.samsung.com/etc.clientlibs/samsung/clientlibs/consumer/global/clientlib-common/resources/images/icon-selectbox-white.svg]
[www.samsung.com/etc.clientlibs/samsung/clientlibs/consumer/global/clientlib-common/resources/images/icon-selectbox-check.svg]
[www.samsung.com/etc.clientlibs/samsung/clientlibs/consumer/global/clientlib-common/resources/images/form_check_radio_a.svg]
[www.samsung.com/etc.clientlibs/samsung/clientlibs/consumer/global/clientlib-common/resources/images/form_check_b.svg]
[www.samsung.com/etc.clientlibs/samsung/clientlibs/consumer/global/clientlib-common/resources/images/form_radio_b.svg]
[www.samsung.com/etc.clientlibs/samsung/clientlibs/consumer/global/clientlib-common/resources/images/form_check_radio_disabled.svg]
[www.samsung.com/etc.clientlibs/samsung/clientlibs/consumer/global/clientlib-common/resources/images/circle-progress-light-bg-desktop.png]
[www.samsung.com/etc.clientlibs/samsung/clientlibs/consumer/global/clientlib-common/resources/images/circle-progress-dark-bg-desktop.png]
[www.samsung.com/etc.clientlibs/samsung/clientlibs/consumer/global/clientlib-common/resources/images/circle-progress-light-bg-mobile.png]
[www.samsung.com/etc.clientlibs/samsung/clientlibs/consumer/global/clientlib-common/resources/images/circle-progress-dark-bg-mobile.png]
[www.samsung.com/etc.clientlibs/samsung/clientlibs/consumer/global/clientlib-common/resources/images/icon-rating-star-empty-grayscale-bb.svg]
[www.samsung.com/etc.clientlibs/samsung/clientlibs/consumer/global/clientlib-common/resources/images/icon-rating-star-filled.svg]
[www.samsung.com/etc.clientlibs/samsung/clientlibs/consumer/global/clientlib-common/resources/images/icon-rating-star-empty-grayscale-dd.svg]
[www.samsung.com/etc.clientlibs/samsung/clientlibs/consumer/global/clientlib-common/resources/images/icon-rating-star-filled-ff.svg]
[www.samsung.com/etc.clientlibs/samsung/clientlibs/consumer/global/clientlib-common/resources/images/icon-rating-star-empty-grayscale-75.svg]
[www.samsung.com/etc.clientlibs/samsung/clientlibs/consumer/global/clientlib-common/resources/images/icon-rating-star-empty-grayscale-55.svg]
[www.samsung.com/etc.clientlibs/samsung/clientlibs/consumer/global/clientlib-common/resources/images/gnb-desktop-120x32.gif]
[www.samsung.com/etc.clientlibs/samsung/clientlibs/consumer/global/clientlib-common/resources/images/gnb-mobile-240x64.gif]
[www.samsung.com/etc.clientlibs/samsung/clientlibs/consumer/global/clientlib-common/resources/images/icon-regular-navigation-close-up.svg]
[www.samsung.com/etc.clientlibs/samsung/clientlibs/consumer/global/clientlib-base-new-gnb.min.0caf8ca1a3d3690805e309aaa0229de4.css]
[www.samsung.com/etc.clientlibs/samsung/clientlibs/consumer/global/clientlib-common/resources/images/icon-detail-mail.png]
[www.samsung.com/etc.clientlibs/samsung/clientlibs/consumer/global/clientlib-common/resources/images/bg-gray-dots.png]
[www.samsung.com/etc.clientlibs/samsung/clientlibs/consumer/global/clientlib-templates/page-flagship/compact.min.9e7f63a00a52b8ec764f41e0465d482f.css]
[www.samsung.com/etc.clientlibs/samsung/components/content/consumer/global/product/pd-g-floating-nav/clientlibs/site.min.1d264d387839e7e7af7019fe112f7def.css]
[www.samsung.com/etc.clientlibs/samsung/components/content/consumer/global/common/cm-g-static-content/clientlibs/site.min.ae85240e2285ff65e974c0b136a75d59.css]
[www.samsung.com/etc.clientlibs/samsung/components/content/consumer/global/navigation/nv-g-breadcrumb/clientlibs/site.min.01c1e7bc1eb1645deacabd158fc75f0f.css]
[www.samsung.com/pt/smartphones/galaxy-z-fold6/business/index.html]
[www.samsung.com/pt/smartphones/galaxy-z-fold6/POST/index.html]
[www.samsung.com/pt/smartphones/galaxy-z-fold6/Trident/index.html]
[www.samsung.com/pt/smartphones/helpers/getObjectProperty.66.delayed]
[assets.adobedtm.com/72afb75f5516/30a6759f4129/launch-be0934e2f5e7.min.js]
[www.samsung.com/pt/smartphones/galaxy-z-fold6/ak.html]
[www.samsung.com/pt/smartphones/galaxy-z-fold6/ak-2.html]
[www.samsung.com/pt/smartphones/galaxy-z-fold6/get/index.html]
[images.samsung.com/is/image/samsung/assets/pt/2407/mpdp/fold6/galaxy-z-fold6-share-image.jpg]
[www.samsung.com/etc.clientlibs/samsung/components/content/consumer/global/common/cm-g-text-block/clientlibs/site.min.d317a02bd188dfa8a9c0898ae8dec80d.css]
[www.samsung.com/etc.clientlibs/samsung/components/content/consumer/global/product/pd-g-spec/clientlibs/site.min.024601b1260d99ae7f0355dbe106a51e.css]
[www.samsung.com/pt/smartphones/galaxy-z-fold6/specs/ak.m]
[www.samsung.com/pt/smartphones/galaxy-z-fold6/specs/ak.t]
[www.samsung.com/pt/smartphones/galaxy-z-fold6/specs/index.html]
[www.samsung.com/etc.clientlibs/samsung/components/content/consumer/global/product/pd-g-spec/clientlibs/site.min.js]
[images.samsung.com/is/image/samsung/assets/pt/2407/smartphones/galaxy-z-fold6/reviews/galaxy-z-fold6-share-image3133.jpg]
[www.samsung.com/etc.clientlibs/samsung/components/content/consumer/global/product/pd-g-review/clientlibs/site.min.f22f24dafd9332c71c3aa4ba0e142bb9.css]
[apps.bazaarvoice.com/deployments/samsung-pt_pt/main_site/production/pt_PT/bv.js]
[www.samsung.com/pt/smartphones/galaxy-z-fold6/reviews/ak.m]
[www.samsung.com/pt/smartphones/galaxy-z-fold6/reviews/ak.t]
[apps.bazaarvoice.com/deployments/Samsung-PT_PT/main_site/production/pt_PT/bv-2.js]
[www.samsung.com/pt/smartphones/galaxy-z-fold6/reviews/index.html]
[www.samsung.com/etc.clientlibs/samsung/components/content/consumer/global/product/pd-g-review/clientlibs/site.min.js]
[www.samsung.com/etc.clientlibs/samsung/clientlibs/consumer/global/clientlib-common/resources/images/logo-square-letter.png]
[www.samsung.com/etc.clientlibs/samsung/clientlibs/consumer/global/clientlib-templates/page-bc-pd/page-bc-pd.min.599c8cea4c8d6ea7e81f95ce94e6d4b4.css]
[www.samsung.com/pt/smartphones/galaxy-z-fold6/buy/ak.m]
[www.samsung.com/pt/smartphones/galaxy-z-fold6/buy/index1363.html]
[www.samsung.com/pt/smartphones/galaxy-z-fold6/buy/ak.t]
[www.samsung.com/etc.clientlibs/samsung/components/content/consumer/global/navigation/nv-g-mini-cart/clientlibs/site.min.e3f88f16352dcabe1cdfcc9fa324bca1.css]
[www.samsung.com/etc.clientlibs/samsung/components/content/consumer/global/navigation/nv-g-mini-cart/clientlibs/site.min.js]
[www.samsung.com/etc.clientlibs/samsung/clientlibs/consumer/global/clientlib-templates/page-bc-pd/page-bc-pd.min.js]
[www.samsung.com/etc.clientlibs/samsung/components/content/consumer/global/bc-pd/product/bp-g-buying-tool/clientlibs/clientlibs-h.min.js]
[www.samsung.com/etc.clientlibs/samsung/components/content/consumer/global/bc-pd/product/bp-g-addon-page/clientlibs/clientlibs-h.min.js]
[www.samsung.com/etc.clientlibs/samsung/components/content/consumer/global/bc-pd/product/bp-g-offer-banner/clientlibs/clientlibs-thumbnail.min.js]
[www.samsung.com/pt/smartphones/galaxy-z-fold6/buy/index.html]
[www.samsung.com/etc.clientlibs/samsung/components/content/consumer/global/flagship-pd/fg-g-spec-compare/clientlibs/site.min.a242ed762fde92da5d3abcfd2f1dd549.css]
[www.samsung.com/pt/smartphones/galaxy-z-fold6/compare/ak.m]
[www.samsung.com/pt/smartphones/galaxy-z-fold6/compare/ak.t]
[images.samsung.com/common/smartphones/compare/galaxy-z-fold6-flip6/images/icon-bottom-arrow.jpg]
[images.samsung.com/common/smartphones/compare/galaxy-z-fold6-flip6/images/icon-arrow-b.png]
[www.samsung.com/pt/smartphones/galaxy-z-fold6/compare/index.html]
[www.samsung.com/etc.clientlibs/samsung/components/content/consumer/global/flagship-pd/fg-g-spec-compare/clientlibs/site.min.js]
[www.samsung.com/pt/smartphones/galaxy-z-fold6/upgrade/index.html]
[images.samsung.com/is/image/samsung/assets/pt/2407/mpdp/fold6/galaxy-z-fold6-share-image3133.jpg]
[www.samsung.com/pt/smartphones/galaxy-z-fold6/accessories/ak.m]
[www.samsung.com/pt/smartphones/galaxy-z-fold6/accessories/ak.t]
[images.samsung.com/pt/smartphones/galaxy-z-fold6/accessories/images/galaxy-z-fold6-accessories-kv-a1363.jpg]
[images.samsung.com/pt/smartphones/galaxy-z-fold6/accessories/images/galaxy-z-fold6-accessories-kv-a-mo1363.jpg]
[www.samsung.com/pt/smartphones/galaxy-z-fold6/accessories/index.html]
[www.samsung.com/samsung/resources/global/galaxy-z-fold6/common/images/icon-bottom-arrow.jpg]
[www.samsung.com/samsung/resources/global/galaxy-z-fold6/common/css/common.min.css]
[www.samsung.com/samsung/resources/global/galaxy-z-fold6/common/images/icon-arrow-b.png]
[www.samsung.com/etc.clientlibs/samsung/clientlibs/consumer/global/clientlib-common/resources/images/badge-container-a3.svg]
[www.samsung.com/etc.clientlibs/samsung/clientlibs/consumer/global/clientlib-common/resources/images/energy-rating-a3.svg]
[www.samsung.com/etc.clientlibs/samsung/clientlibs/consumer/global/clientlib-common/resources/images/badge-container-a2.svg]
[www.samsung.com/etc.clientlibs/samsung/clientlibs/consumer/global/clientlib-common/resources/images/energy-rating-a2.svg]
[www.samsung.com/etc.clientlibs/samsung/clientlibs/consumer/global/clientlib-common/resources/images/badge-container-a1.svg]
[www.samsung.com/etc.clientlibs/samsung/clientlibs/consumer/global/clientlib-common/resources/images/energy-rating-a1.svg]
[www.samsung.com/etc.clientlibs/samsung/clientlibs/consumer/global/clientlib-common/resources/images/badge-container-a.svg]
[www.samsung.com/etc.clientlibs/samsung/clientlibs/consumer/global/clientlib-common/resources/images/energy-rating-a.svg]
[www.samsung.com/etc.clientlibs/samsung/clientlibs/consumer/global/clientlib-common/resources/images/badge-container-b.svg]
[www.samsung.com/etc.clientlibs/samsung/clientlibs/consumer/global/clientlib-common/resources/images/energy-rating-b.svg]
[www.samsung.com/etc.clientlibs/samsung/clientlibs/consumer/global/clientlib-common/resources/images/badge-container-c.svg]
[www.samsung.com/etc.clientlibs/samsung/clientlibs/consumer/global/clientlib-common/resources/images/energy-rating-c.svg]
[www.samsung.com/etc.clientlibs/samsung/clientlibs/consumer/global/clientlib-common/resources/images/badge-container-d.svg]
[www.samsung.com/etc.clientlibs/samsung/clientlibs/consumer/global/clientlib-common/resources/images/energy-rating-d.svg]
[www.samsung.com/etc.clientlibs/samsung/clientlibs/consumer/global/clientlib-common/resources/images/energy-rating-e.svg]
[www.samsung.com/etc.clientlibs/samsung/clientlibs/consumer/global/clientlib-common/resources/images/energy-rating-f.svg]
[www.samsung.com/etc.clientlibs/samsung/clientlibs/consumer/global/clientlib-common/resources/images/energy-rating-g.svg]
[www.samsung.com/etc.clientlibs/samsung/clientlibs/consumer/global/clientlib-common/resources/images/energy_label_a.svg]
[www.samsung.com/etc.clientlibs/samsung/clientlibs/consumer/global/clientlib-common/resources/images/energy_label_b.svg]
[www.samsung.com/etc.clientlibs/samsung/clientlibs/consumer/global/clientlib-common/resources/images/energy_label_c.svg]
[www.samsung.com/etc.clientlibs/samsung/clientlibs/consumer/global/clientlib-common/resources/images/energy_label_d.svg]
[www.samsung.com/etc.clientlibs/samsung/clientlibs/consumer/global/clientlib-common/resources/images/energy_label_e.svg]
[www.samsung.com/etc.clientlibs/samsung/clientlibs/consumer/global/clientlib-common/resources/images/energy_label_f.svg]
[www.samsung.com/etc.clientlibs/samsung/clientlibs/consumer/global/clientlib-common/resources/images/energy_label_g.svg]
[www.samsung.com/etc.clientlibs/samsung/clientlibs/consumer/global/clientlib-common/resources/images/style-guide-icon-close-bold-white.svg]
[www.samsung.com/etc.clientlibs/samsung/clientlibs/consumer/global/clientlib-common/resources/images/style-guide-icon-close-bold-white-disabled.svg]
[www.samsung.com/etc.clientlibs/samsung/clientlibs/consumer/global/clientlib-common/resources/images/style-guide-icon-close-bold-black.svg]
[www.samsung.com/etc.clientlibs/samsung/clientlibs/consumer/global/clientlib-common/resources/images/style-guide-icon-close-bold-black-disabled.svg]
[www.samsung.com/etc.clientlibs/samsung/clientlibs/consumer/global/clientlib-common/resources/images/style-guide-icon-close-bold-white-hover.svg]
[www.samsung.com/etc.clientlibs/samsung/clientlibs/consumer/global/clientlib-common/resources/images/style-guide-icon-close-bold-white-hover-disabled.html]
[www.samsung.com/etc.clientlibs/samsung/clientlibs/consumer/global/clientlib-common/resources/images/style-guide-icon-close-bold-black-hover.svg]
[www.samsung.com/etc.clientlibs/samsung/clientlibs/consumer/global/clientlib-common/resources/images/icon-new-window-white.svg]
[www.samsung.com/etc.clientlibs/samsung/clientlibs/consumer/global/clientlib-common/resources/images/icon-new-window-white-dim.svg]
[www.samsung.com/etc.clientlibs/samsung/clientlibs/consumer/global/clientlib-common/resources/images/icon-new-window-black.svg]
[www.samsung.com/etc.clientlibs/samsung/clientlibs/consumer/global/clientlib-common/resources/images/icon-new-window-black-dim.svg]
[www.samsung.com/etc.clientlibs/samsung/clientlibs/consumer/global/clientlib-common/resources/images/icon-new-window-white-emphasis.svg]
[www.samsung.com/etc.clientlibs/samsung/clientlibs/consumer/global/clientlib-common/resources/images/icon-new-window-gray.svg]
[www.samsung.com/etc.clientlibs/samsung/clientlibs/consumer/global/clientlib-common/resources/images/icon-new-window-gray-dim.svg]
[www.samsung.com/etc.clientlibs/samsung/clientlibs/consumer/global/clientlib-common/resources/images/icon-selectbox-black.svg]
[www.samsung.com/etc.clientlibs/samsung/clientlibs/consumer/global/clientlib-common/resources/images/icon-selectbox-white.svg]
[www.samsung.com/etc.clientlibs/samsung/clientlibs/consumer/global/clientlib-common/resources/images/icon-selectbox-check.svg]
[www.samsung.com/etc.clientlibs/samsung/clientlibs/consumer/global/clientlib-common/resources/images/form_check_radio_a.svg]
[www.samsung.com/etc.clientlibs/samsung/clientlibs/consumer/global/clientlib-common/resources/images/form_check_b.svg]
[www.samsung.com/etc.clientlibs/samsung/clientlibs/consumer/global/clientlib-common/resources/images/form_radio_b.svg]
[www.samsung.com/etc.clientlibs/samsung/clientlibs/consumer/global/clientlib-common/resources/images/form_check_radio_disabled.svg]
[www.samsung.com/etc.clientlibs/samsung/clientlibs/consumer/global/clientlib-common/resources/images/icon-rating-star-empty-grayscale-bb.svg]
[www.samsung.com/etc.clientlibs/samsung/clientlibs/consumer/global/clientlib-common/resources/images/icon-rating-star-filled.svg]
[www.samsung.com/etc.clientlibs/samsung/clientlibs/consumer/global/clientlib-common/resources/images/icon-rating-star-empty-grayscale-dd.svg]
[www.samsung.com/etc.clientlibs/samsung/clientlibs/consumer/global/clientlib-common/resources/images/icon-rating-star-filled-ff.svg]
[www.samsung.com/etc.clientlibs/samsung/clientlibs/consumer/global/clientlib-common/resources/images/icon-rating-star-empty-grayscale-75.svg]
[www.samsung.com/etc.clientlibs/samsung/clientlibs/consumer/global/clientlib-common/resources/images/icon-rating-star-empty-grayscale-55.svg]
[www.samsung.com/etc.clientlibs/samsung/clientlibs/consumer/global/clientlib-common/resources/images/icon-regular-navigation-close-up.svg]
[www.samsung.com/pt/smartphones/galaxy-z-fold6/business/index.html]
[www.samsung.com/pt/smartphones/galaxy-z-fold6/POST/index.html]
[www.samsung.com/pt/smartphones/galaxy-z-fold6/Trident/index.html]
[www.samsung.com/pt/smartphones/galaxy-z-fold6/get/index.html]
[www.samsung.com/pt/smartphones/helpers/getObjectProperty.html]
[www.samsung.com/etc.clientlibs/samsung/components/content/consumer/global/common/cm-g-text-block/clientlibs/site.min.d317a02bd188dfa8a9c0898ae8dec80d.css]
[www.samsung.com/etc.clientlibs/samsung/components/content/consumer/global/product/pd-g-spec/clientlibs/site.min.024601b1260d99ae7f0355dbe106a51e.css]
[www.samsung.com/pt/smartphones/galaxy-z-fold6/specs/ak.html]
[www.samsung.com/pt/smartphones/galaxy-z-fold6/specs/ak-2.html]
[www.samsung.com/etc.clientlibs/samsung/components/content/consumer/global/product/pd-g-review/clientlibs/site.min.f22f24dafd9332c71c3aa4ba0e142bb9.css]
[www.samsung.com/pt/smartphones/galaxy-z-fold6/reviews/ak.html]
[www.samsung.com/pt/smartphones/galaxy-z-fold6/reviews/ak-2.html]
[www.samsung.com/pt/smartphones/galaxy-z-fold6/buy/index1363.html]
[www.samsung.com/etc.clientlibs/samsung/clientlibs/consumer/global/clientlib-common/resources/images/btn-gotop.png]
[www.samsung.com/etc.clientlibs/samsung/clientlibs/consumer/global/clientlib-common/resources/images/ico-input-reset.png]
[www.samsung.com/etc.clientlibs/samsung/clientlibs/consumer/global/clientlib-common/resources/images/icon-carousel-prev-black.png]
[www.samsung.com/etc.clientlibs/samsung/clientlibs/consumer/global/clientlib-common/resources/images/icon-carousel-next-black.png]
[www.samsung.com/etc.clientlibs/samsung/clientlibs/consumer/global/clientlib-common/resources/images/offer-icon-trade.png]
[www.samsung.com/etc.clientlibs/samsung/clientlibs/consumer/global/clientlib-templates/page-bc-pd/page-bc-pd.min.599c8cea4c8d6ea7e81f95ce94e6d4b4.css]
[www.samsung.com/pt/smartphones/galaxy-z-fold6/buy/ak.html]
[www.samsung.com/pt/smartphones/galaxy-z-fold6/buy/ak-2.html]
[www.samsung.com/etc.clientlibs/samsung/components/content/consumer/global/navigation/nv-g-mini-cart/clientlibs/site.min.e3f88f16352dcabe1cdfcc9fa324bca1.css]
[www.samsung.com/etc.clientlibs/samsung/components/content/consumer/global/flagship-pd/fg-g-spec-compare/clientlibs/site.min.a242ed762fde92da5d3abcfd2f1dd549.css]
[www.samsung.com/pt/smartphones/galaxy-z-fold6/compare/ak.html]
[www.samsung.com/pt/smartphones/galaxy-z-fold6/compare/ak-2.html]
[www.samsung.com/global/galaxy/galaxy-z-flip6/common/images/icon-arrow-b.html]
[www.samsung.com/global/galaxy/galaxy-z-flip6/common/images/icon-bottom-arrow.html]
[images.samsung.com/pt/smartphones/galaxy-z-fold6/upgrade/images/galaxy-z-fold6-share-image.jpg]
[www.samsung.com/pt/smartphones/galaxy-z-fold6/upgrade/ak.m]
[www.samsung.com/pt/smartphones/galaxy-z-fold6/upgrade/ak.t]
[images.samsung.com/pt/smartphones/galaxy-z-fold6/upgrade/images/icon-arrow.png]
[www.samsung.com/pt/smartphones/galaxy-z-fold6/upgrade/index.html]
[www.samsung.com/pt/smartphones/galaxy-z-fold6/accessories/ak.html]
[www.samsung.com/pt/smartphones/galaxy-z-fold6/accessories/ak-2.html]
[www.samsung.com/pt/smartphones/galaxy-z-fold6/upgrade/ak.html]
[www.samsung.com/pt/smartphones/galaxy-z-fold6/upgrade/ak-2.html]
